deploy	Set up job	﻿2026-08-14T03:59:10.0755295Z Current runner version: '2.336.0'
deploy	Set up job	2026-08-14T03:59:10.0791669Z ##[group]Runner Image Provisioner
deploy	Set up job	2026-08-14T03:59:10.0793369Z Hosted Compute Agent
deploy	Set up job	2026-08-14T03:59:10.0794327Z Version: 20260707.563
deploy	Set up job	2026-08-14T03:59:10.0795381Z Commit: 02667638d2b423fbc733a8e32a88b44996a3ba6e
deploy	Set up job	2026-08-14T03:59:10.0796617Z Build Date: 2026-07-07T19:33:50Z
deploy	Set up job	2026-08-14T03:59:10.0797796Z Worker ID: {46fe4997-3513-4e21-80aa-ab66bc4c002d}
deploy	Set up job	2026-08-14T03:59:10.0799390Z Azure Region: eastus
deploy	Set up job	2026-08-14T03:59:10.0800392Z ##[endgroup]
deploy	Set up job	2026-08-14T03:59:10.0803220Z ##[group]Operating System
deploy	Set up job	2026-08-14T03:59:10.0804275Z Ubuntu
deploy	Set up job	2026-08-14T03:59:10.0805133Z 24.04.4
deploy	Set up job	2026-08-14T03:59:10.0806010Z LTS
deploy	Set up job	2026-08-14T03:59:10.0806882Z ##[endgroup]
deploy	Set up job	2026-08-14T03:59:10.0808216Z ##[group]Runner Image
deploy	Set up job	2026-08-14T03:59:10.0809744Z Image: ubuntu-24.04
deploy	Set up job	2026-08-14T03:59:10.0810822Z Version: 20260720.247.2
deploy	Set up job	2026-08-14T03:59:10.0812733Z Included Software: https://github.com/actions/runner-images/blob/ubuntu24/20260720.247/images/ubuntu/Ubuntu2404-Readme.md
deploy	Set up job	2026-08-14T03:59:10.0815798Z Image Release: https://github.com/actions/runner-images/releases/tag/ubuntu24%2F20260720.247
deploy	Set up job	2026-08-14T03:59:10.0817659Z ##[endgroup]
deploy	Set up job	2026-08-14T03:59:10.0819840Z ##[group]GITHUB_TOKEN Permissions
deploy	Set up job	2026-08-14T03:59:10.0822982Z Contents: write
deploy	Set up job	2026-08-14T03:59:10.0824071Z Metadata: read
deploy	Set up job	2026-08-14T03:59:10.0825054Z ##[endgroup]
deploy	Set up job	2026-08-14T03:59:10.0828298Z Secret source: Actions
deploy	Set up job	2026-08-14T03:59:10.0830766Z Prepare workflow directory
deploy	Set up job	2026-08-14T03:59:10.1596101Z Prepare all required actions
deploy	Set up job	2026-08-14T03:59:10.1669487Z Getting action download info
deploy	Set up job	2026-08-14T03:59:10.3234036Z Download action repository 'actions/checkout@v4' (SHA:11d5960a326750d5838078e36cf38b85af677262)
deploy	Set up job	2026-08-14T03:59:10.5611334Z Download action repository 'actions/setup-node@v4' (SHA:49933ea5288caeca8642d1e84afbd3f7d6820020)
deploy	Set up job	2026-08-14T03:59:10.8008105Z Complete job name: deploy
deploy	Run actions/checkout@v4	﻿2026-08-14T03:59:10.8721945Z Node 20 is being deprecated. This workflow is running with Node 24 by default. If you need to temporarily use Node 20, you can set the ACTIONS_ALLOW_USE_UNSECURE_NODE_VERSION=true environment variable. For more information see: https://github.blog/changelog/2025-09-19-deprecation-of-node-20-on-github-actions-runners/
deploy	Run actions/checkout@v4	2026-08-14T03:59:10.8731358Z ##[group]Run actions/checkout@v4
deploy	Run actions/checkout@v4	2026-08-14T03:59:10.8732111Z with:
deploy	Run actions/checkout@v4	2026-08-14T03:59:10.8732617Z   repository: linwuyen/Consultant_System
deploy	Run actions/checkout@v4	2026-08-14T03:59:10.8736687Z   token: ***
deploy	Run actions/checkout@v4	2026-08-14T03:59:10.8737124Z   ssh-strict: true
deploy	Run actions/checkout@v4	2026-08-14T03:59:10.8737569Z   ssh-user: git
deploy	Run actions/checkout@v4	2026-08-14T03:59:10.8738021Z   persist-credentials: true
deploy	Run actions/checkout@v4	2026-08-14T03:59:10.8738526Z   clean: true
deploy	Run actions/checkout@v4	2026-08-14T03:59:10.8738976Z   sparse-checkout-cone-mode: true
deploy	Run actions/checkout@v4	2026-08-14T03:59:10.8739753Z   fetch-depth: 1
deploy	Run actions/checkout@v4	2026-08-14T03:59:10.8740185Z   fetch-tags: false
deploy	Run actions/checkout@v4	2026-08-14T03:59:10.8740633Z   show-progress: true
deploy	Run actions/checkout@v4	2026-08-14T03:59:10.8741088Z   lfs: false
deploy	Run actions/checkout@v4	2026-08-14T03:59:10.8741504Z   submodules: false
deploy	Run actions/checkout@v4	2026-08-14T03:59:10.8742006Z   set-safe-directory: true
deploy	Run actions/checkout@v4	2026-08-14T03:59:10.8742511Z   allow-unsafe-pr-checkout: false
deploy	Run actions/checkout@v4	2026-08-14T03:59:10.8743282Z env:
deploy	Run actions/checkout@v4	2026-08-14T03:59:10.8743798Z   CLOUDFLARE_API_TOKEN: ***
deploy	Run actions/checkout@v4	2026-08-14T03:59:10.8744333Z   ***: 
deploy	Run actions/checkout@v4	2026-08-14T03:59:10.8744790Z ##[endgroup]
deploy	Run actions/checkout@v4	2026-08-14T03:59:10.9767820Z Syncing repository: linwuyen/Consultant_System
deploy	Run actions/checkout@v4	2026-08-14T03:59:10.9771092Z ##[group]Getting Git version info
deploy	Run actions/checkout@v4	2026-08-14T03:59:10.9772531Z Working directory is '/home/runner/work/Consultant_System/Consultant_System'
deploy	Run actions/checkout@v4	2026-08-14T03:59:10.9774779Z [command]/usr/bin/git version
deploy	Run actions/checkout@v4	2026-08-14T03:59:10.9874402Z git version 2.54.0
deploy	Run actions/checkout@v4	2026-08-14T03:59:10.9928835Z ##[endgroup]
deploy	Run actions/checkout@v4	2026-08-14T03:59:10.9946042Z Temporarily overriding HOME='/home/runner/work/_temp/6cb45708-8b53-427e-9b56-a0e625d1714c' before making global git config changes
deploy	Run actions/checkout@v4	2026-08-14T03:59:10.9948481Z Adding repository directory to the temporary git global config as a safe directory
deploy	Run actions/checkout@v4	2026-08-14T03:59:10.9953609Z [command]/usr/bin/git config --global --add safe.directory /home/runner/work/Consultant_System/Consultant_System
deploy	Run actions/checkout@v4	2026-08-14T03:59:11.0005364Z Deleting the contents of '/home/runner/work/Consultant_System/Consultant_System'
deploy	Run actions/checkout@v4	2026-08-14T03:59:11.0015159Z ##[group]Initializing the repository
deploy	Run actions/checkout@v4	2026-08-14T03:59:11.0016352Z [command]/usr/bin/git init /home/runner/work/Consultant_System/Consultant_System
deploy	Run actions/checkout@v4	2026-08-14T03:59:11.0111191Z hint: Using 'master' as the name for the initial branch. This default branch name
deploy	Run actions/checkout@v4	2026-08-14T03:59:11.0113180Z hint: will change to "main" in Git 3.0. To configure the initial branch name
deploy	Run actions/checkout@v4	2026-08-14T03:59:11.0114789Z hint: to use in all of your new repositories, which will suppress this warning,
deploy	Run actions/checkout@v4	2026-08-14T03:59:11.0116132Z hint: call:
deploy	Run actions/checkout@v4	2026-08-14T03:59:11.0117080Z hint:
deploy	Run actions/checkout@v4	2026-08-14T03:59:11.0117975Z hint: 	git config --global init.defaultBranch <name>
deploy	Run actions/checkout@v4	2026-08-14T03:59:11.0119276Z hint:
deploy	Run actions/checkout@v4	2026-08-14T03:59:11.0120316Z hint: Names commonly chosen instead of 'master' are 'main', 'trunk' and
deploy	Run actions/checkout@v4	2026-08-14T03:59:11.0121932Z hint: 'development'. The just-created branch can be renamed via this command:
deploy	Run actions/checkout@v4	2026-08-14T03:59:11.0123392Z hint:
deploy	Run actions/checkout@v4	2026-08-14T03:59:11.0124135Z hint: 	git branch -m <name>
deploy	Run actions/checkout@v4	2026-08-14T03:59:11.0124980Z hint:
deploy	Run actions/checkout@v4	2026-08-14T03:59:11.0126078Z hint: Disable this message with "git config set advice.defaultBranchName false"
deploy	Run actions/checkout@v4	2026-08-14T03:59:11.0128064Z Initialized empty Git repository in /home/runner/work/Consultant_System/Consultant_System/.git/
deploy	Run actions/checkout@v4	2026-08-14T03:59:11.0131329Z [command]/usr/bin/git remote add origin https://github.com/linwuyen/Consultant_System
deploy	Run actions/checkout@v4	2026-08-14T03:59:11.0178679Z ##[endgroup]
deploy	Run actions/checkout@v4	2026-08-14T03:59:11.0180146Z ##[group]Disabling automatic garbage collection
deploy	Run actions/checkout@v4	2026-08-14T03:59:11.0182814Z [command]/usr/bin/git config --local gc.auto 0
deploy	Run actions/checkout@v4	2026-08-14T03:59:11.0217148Z ##[endgroup]
deploy	Run actions/checkout@v4	2026-08-14T03:59:11.0218332Z ##[group]Setting up auth
deploy	Run actions/checkout@v4	2026-08-14T03:59:11.0225949Z [command]/usr/bin/git config --local --name-only --get-regexp core\.sshCommand
deploy	Run actions/checkout@v4	2026-08-14T03:59:11.0281326Z [command]/usr/bin/git submodule foreach --recursive sh -c "git config --local --name-only --get-regexp 'core\.sshCommand' && git config --local --unset-all 'core.sshCommand' || :"
deploy	Run actions/checkout@v4	2026-08-14T03:59:11.0709363Z [command]/usr/bin/git config --local --name-only --get-regexp http\.https\:\/\/github\.com\/\.extraheader
deploy	Run actions/checkout@v4	2026-08-14T03:59:11.0752212Z [command]/usr/bin/git submodule foreach --recursive sh -c "git config --local --name-only --get-regexp 'http\.https\:\/\/github\.com\/\.extraheader' && git config --local --unset-all 'http.https://github.com/.extraheader' || :"
deploy	Run actions/checkout@v4	2026-08-14T03:59:11.1007440Z [command]/usr/bin/git config --local --name-only --get-regexp ^includeIf\.gitdir:
deploy	Run actions/checkout@v4	2026-08-14T03:59:11.1048297Z [command]/usr/bin/git submodule foreach --recursive git config --local --show-origin --name-only --get-regexp remote.origin.url
deploy	Run actions/checkout@v4	2026-08-14T03:59:11.1308413Z [command]/usr/bin/git config --local http.https://github.com/.extraheader AUTHORIZATION: basic ***
deploy	Run actions/checkout@v4	2026-08-14T03:59:11.1351092Z ##[endgroup]
deploy	Run actions/checkout@v4	2026-08-14T03:59:11.1352537Z ##[group]Fetching the repository
deploy	Run actions/checkout@v4	2026-08-14T03:59:11.1363303Z [command]/usr/bin/git -c protocol.version=2 fetch --no-tags --prune --no-recurse-submodules --depth=1 origin +489e9edd361e619d240abcccba84ae7d846192ee:refs/remotes/origin/main
deploy	Run actions/checkout@v4	2026-08-14T03:59:11.3515038Z From https://github.com/linwuyen/Consultant_System
deploy	Run actions/checkout@v4	2026-08-14T03:59:11.3516675Z  * [new ref]         489e9edd361e619d240abcccba84ae7d846192ee -> origin/main
deploy	Run actions/checkout@v4	2026-08-14T03:59:11.3550049Z ##[endgroup]
deploy	Run actions/checkout@v4	2026-08-14T03:59:11.3551053Z ##[group]Determining the checkout info
deploy	Run actions/checkout@v4	2026-08-14T03:59:11.3552952Z ##[endgroup]
deploy	Run actions/checkout@v4	2026-08-14T03:59:11.3558854Z [command]/usr/bin/git sparse-checkout disable
deploy	Run actions/checkout@v4	2026-08-14T03:59:11.3608847Z [command]/usr/bin/git config --local --unset-all extensions.worktreeConfig
deploy	Run actions/checkout@v4	2026-08-14T03:59:11.3640777Z ##[group]Checking out the ref
deploy	Run actions/checkout@v4	2026-08-14T03:59:11.3645044Z [command]/usr/bin/git checkout --progress --force -B main refs/remotes/origin/main
deploy	Run actions/checkout@v4	2026-08-14T03:59:11.3728293Z Switched to a new branch 'main'
deploy	Run actions/checkout@v4	2026-08-14T03:59:11.3731939Z branch 'main' set up to track 'origin/main'.
deploy	Run actions/checkout@v4	2026-08-14T03:59:11.3738575Z ##[endgroup]
deploy	Run actions/checkout@v4	2026-08-14T03:59:11.3831818Z [command]/usr/bin/git log -1 --format=%H
deploy	Run actions/checkout@v4	2026-08-14T03:59:11.3833730Z 489e9edd361e619d240abcccba84ae7d846192ee
deploy	Run actions/setup-node@v4	﻿2026-08-14T03:59:11.4114706Z Node 20 is being deprecated. This workflow is running with Node 24 by default. If you need to temporarily use Node 20, you can set the ACTIONS_ALLOW_USE_UNSECURE_NODE_VERSION=true environment variable. For more information see: https://github.blog/changelog/2025-09-19-deprecation-of-node-20-on-github-actions-runners/
deploy	Run actions/setup-node@v4	2026-08-14T03:59:11.4117555Z ##[group]Run actions/setup-node@v4
deploy	Run actions/setup-node@v4	2026-08-14T03:59:11.4118107Z with:
deploy	Run actions/setup-node@v4	2026-08-14T03:59:11.4118517Z   node-version: 22
deploy	Run actions/setup-node@v4	2026-08-14T03:59:11.4118965Z   always-auth: false
deploy	Run actions/setup-node@v4	2026-08-14T03:59:11.4119603Z   check-latest: false
deploy	Run actions/setup-node@v4	2026-08-14T03:59:11.4123640Z   token: ***
deploy	Run actions/setup-node@v4	2026-08-14T03:59:11.4124083Z env:
deploy	Run actions/setup-node@v4	2026-08-14T03:59:11.4124567Z   CLOUDFLARE_API_TOKEN: ***
deploy	Run actions/setup-node@v4	2026-08-14T03:59:11.4125098Z   ***: 
deploy	Run actions/setup-node@v4	2026-08-14T03:59:11.4125549Z ##[endgroup]
deploy	Run actions/setup-node@v4	2026-08-14T03:59:11.5546218Z Found in cache @ /opt/hostedtoolcache/node/22.23.1/x64
deploy	Run actions/setup-node@v4	2026-08-14T03:59:11.5550257Z (node:2252) [DEP0040] DeprecationWarning: The `punycode` module is deprecated. Please use a userland alternative instead.
deploy	Run actions/setup-node@v4	2026-08-14T03:59:11.5551719Z (Use `node --trace-deprecation ...` to show where the warning was created)
deploy	Run actions/setup-node@v4	2026-08-14T03:59:11.5553497Z ##[group]Environment details
deploy	Run actions/setup-node@v4	2026-08-14T03:59:11.9390042Z node: v22.23.1
deploy	Run actions/setup-node@v4	2026-08-14T03:59:11.9392038Z npm: 10.9.8
deploy	Run actions/setup-node@v4	2026-08-14T03:59:11.9393059Z yarn: 1.22.22
deploy	Run actions/setup-node@v4	2026-08-14T03:59:11.9395265Z ##[endgroup]
deploy	Diagnose Cloudflare secret shape safely	﻿2026-08-14T03:59:11.9577725Z ##[group]Run python - <<'PY'
deploy	Diagnose Cloudflare secret shape safely	2026-08-14T03:59:11.9579473Z ^[[36;1mpython - <<'PY'^[[0m
deploy	Diagnose Cloudflare secret shape safely	2026-08-14T03:59:11.9580724Z ^[[36;1mimport os, re^[[0m
deploy	Diagnose Cloudflare secret shape safely	2026-08-14T03:59:11.9582169Z ^[[36;1mraw = os.environ.get('CLOUDFLARE_API_TOKEN', '')^[[0m
deploy	Diagnose Cloudflare secret shape safely	2026-08-14T03:59:11.9583818Z ^[[36;1mstripped = raw.strip()^[[0m
deploy	Diagnose Cloudflare secret shape safely	2026-08-14T03:59:11.9585161Z ^[[36;1mprint('raw_length=' + str(len(raw)))^[[0m
deploy	Diagnose Cloudflare secret shape safely	2026-08-14T03:59:11.9586777Z ^[[36;1mprint('stripped_length=' + str(len(stripped)))^[[0m
deploy	Diagnose Cloudflare secret shape safely	2026-08-14T03:59:11.9588843Z ^[[36;1mprint('contains_whitespace=' + str(bool(re.search(r'\s', stripped))))^[[0m
deploy	Diagnose Cloudflare secret shape safely	2026-08-14T03:59:11.9658049Z ^[[36;1mprint('contains_bearer=' + str(bool(re.search(r'bearer', stripped, re.I))))^[[0m
deploy	Diagnose Cloudflare secret shape safely	2026-08-14T03:59:11.9660845Z ^[[36;1mprint('contains_assignment=' + str('=' in stripped))^[[0m
deploy	Diagnose Cloudflare secret shape safely	2026-08-14T03:59:11.9663220Z ^[[36;1mprint('looks_like_account_id=' + str(bool(re.fullmatch(r'[0-9a-fA-F]{32}', stripped))))^[[0m
deploy	Diagnose Cloudflare secret shape safely	2026-08-14T03:59:11.9665942Z ^[[36;1mprint('has_scannable_prefix=' + str(bool(re.match(r'^cf(?:ut|at|k)_', stripped))))^[[0m
deploy	Diagnose Cloudflare secret shape safely	2026-08-14T03:59:11.9668013Z ^[[36;1mPY^[[0m
deploy	Diagnose Cloudflare secret shape safely	2026-08-14T03:59:11.9728567Z shell: /usr/bin/bash --noprofile --norc -e -o pipefail {0}
deploy	Diagnose Cloudflare secret shape safely	2026-08-14T03:59:11.9730400Z env:
deploy	Diagnose Cloudflare secret shape safely	2026-08-14T03:59:11.9731820Z   CLOUDFLARE_API_TOKEN: ***
deploy	Diagnose Cloudflare secret shape safely	2026-08-14T03:59:11.9733020Z   ***: 
deploy	Diagnose Cloudflare secret shape safely	2026-08-14T03:59:11.9733923Z ##[endgroup]
deploy	Diagnose Cloudflare secret shape safely	2026-08-14T03:59:12.0037582Z raw_length=21
deploy	Diagnose Cloudflare secret shape safely	2026-08-14T03:59:12.0039027Z stripped_length=21
deploy	Diagnose Cloudflare secret shape safely	2026-08-14T03:59:12.0040589Z contains_whitespace=False
deploy	Diagnose Cloudflare secret shape safely	2026-08-14T03:59:12.0041821Z contains_bearer=False
deploy	Diagnose Cloudflare secret shape safely	2026-08-14T03:59:12.0042994Z contains_assignment=False
deploy	Diagnose Cloudflare secret shape safely	2026-08-14T03:59:12.0044215Z looks_like_account_id=False
deploy	Diagnose Cloudflare secret shape safely	2026-08-14T03:59:12.0045511Z has_scannable_prefix=False
deploy	Deploy, migrate, refresh, audit and snapshot	﻿2026-08-14T03:59:12.0147304Z ##[group]Run bash scripts/cloudflare-ci.sh
deploy	Deploy, migrate, refresh, audit and snapshot	2026-08-14T03:59:12.0148739Z ^[[36;1mbash scripts/cloudflare-ci.sh^[[0m
deploy	Deploy, migrate, refresh, audit and snapshot	2026-08-14T03:59:12.0196948Z shell: /usr/bin/bash --noprofile --norc -e -o pipefail {0}
deploy	Deploy, migrate, refresh, audit and snapshot	2026-08-14T03:59:12.0198471Z env:
deploy	Deploy, migrate, refresh, audit and snapshot	2026-08-14T03:59:12.0199862Z   CLOUDFLARE_API_TOKEN: ***
deploy	Deploy, migrate, refresh, audit and snapshot	2026-08-14T03:59:12.0200972Z   ***: 
deploy	Deploy, migrate, refresh, audit and snapshot	2026-08-14T03:59:12.0201779Z ##[endgroup]
deploy	Deploy, migrate, refresh, audit and snapshot	2026-08-14T03:59:12.0304292Z 
deploy	Deploy, migrate, refresh, audit and snapshot	2026-08-14T03:59:12.0305747Z ==> Normalize Cloudflare API token
deploy	Deploy, migrate, refresh, audit and snapshot	2026-08-14T03:59:12.0557363Z ##[error]CLOUDFLARE_API_TOKEN is not a valid Cloudflare API token after normalization.
deploy	Deploy, migrate, refresh, audit and snapshot	2026-08-14T03:59:12.0570067Z ##[error]Process completed with exit code 1.
deploy	Post Run actions/checkout@v4	﻿2026-08-14T03:59:12.0872801Z Node 20 is being deprecated. This workflow is running with Node 24 by default. If you need to temporarily use Node 20, you can set the ACTIONS_ALLOW_USE_UNSECURE_NODE_VERSION=true environment variable. For more information see: https://github.blog/changelog/2025-09-19-deprecation-of-node-20-on-github-actions-runners/
deploy	Post Run actions/checkout@v4	2026-08-14T03:59:12.0877940Z Post job cleanup.
deploy	Post Run actions/checkout@v4	2026-08-14T03:59:12.1776307Z [command]/usr/bin/git version
deploy	Post Run actions/checkout@v4	2026-08-14T03:59:12.1822828Z git version 2.54.0
deploy	Post Run actions/checkout@v4	2026-08-14T03:59:12.1871230Z Temporarily overriding HOME='/home/runner/work/_temp/895df271-c96d-4a07-8f1c-edd9033361fa' before making global git config changes
deploy	Post Run actions/checkout@v4	2026-08-14T03:59:12.1874862Z Adding repository directory to the temporary git global config as a safe directory
deploy	Post Run actions/checkout@v4	2026-08-14T03:59:12.1880148Z [command]/usr/bin/git config --global --add safe.directory /home/runner/work/Consultant_System/Consultant_System
deploy	Post Run actions/checkout@v4	2026-08-14T03:59:12.1922967Z [command]/usr/bin/git config --local --name-only --get-regexp core\.sshCommand
deploy	Post Run actions/checkout@v4	2026-08-14T03:59:12.1962218Z [command]/usr/bin/git submodule foreach --recursive sh -c "git config --local --name-only --get-regexp 'core\.sshCommand' && git config --local --unset-all 'core.sshCommand' || :"
deploy	Post Run actions/checkout@v4	2026-08-14T03:59:12.2227101Z [command]/usr/bin/git config --local --name-only --get-regexp http\.https\:\/\/github\.com\/\.extraheader
deploy	Post Run actions/checkout@v4	2026-08-14T03:59:12.2259528Z http.https://github.com/.extraheader
deploy	Post Run actions/checkout@v4	2026-08-14T03:59:12.2273644Z [command]/usr/bin/git config --local --unset-all http.https://github.com/.extraheader
deploy	Post Run actions/checkout@v4	2026-08-14T03:59:12.2313451Z [command]/usr/bin/git submodule foreach --recursive sh -c "git config --local --name-only --get-regexp 'http\.https\:\/\/github\.com\/\.extraheader' && git config --local --unset-all 'http.https://github.com/.extraheader' || :"
deploy	Post Run actions/checkout@v4	2026-08-14T03:59:12.2593940Z [command]/usr/bin/git config --local --name-only --get-regexp ^includeIf\.gitdir:
deploy	Post Run actions/checkout@v4	2026-08-14T03:59:12.2644903Z [command]/usr/bin/git submodule foreach --recursive git config --local --show-origin --name-only --get-regexp remote.origin.url
deploy	Complete job	﻿2026-08-14T03:59:12.3081806Z Cleaning up orphan processes
deploy	Complete job	2026-08-14T03:59:12.3504070Z ##[warning]Node.js 20 is deprecated. The following actions target Node.js 20 but are being forced to run on Node.js 24: actions/checkout@v4, actions/setup-node@v4. For more information see: https://github.blog/changelog/2025-09-19-deprecation-of-node-20-on-github-actions-runners/
